Retrying download gem from https://rubygems.org/ due to error (2/4): Bundler::PermissionError There was an error while trying to write to `/var/lib/gems/3.0.0/cache/base64-0.3.0.gem`. It is likely that you need to grant write permissions for that path.
Retrying download gem from https://rubygems.org/ due to error (2/4): Bundler::PermissionError There was an error while trying to write to `/var/lib/gems/3.0.0/cache/benchmark-0.5.0.gem`. It is likely that you need to grant write permissions for that path.
Retrying download gem from https://rubygems.org/ due to error (2/4): Bundler::PermissionError There was an error while trying to write to `/var/lib/gems/3.0.0/cache/bigdecimal-4.1.2.gem`. It is likely that you need to grant write permissions for that path.
Retrying download gem from https://rubygems.org/ due to error (2/4): Bundler::PermissionError There was an error while trying to write to `/var/lib/gems/3.0.0/cache/concurrent-ruby-1.3.6.gem`. It is likely that you need to grant write permissions for that path.
Retrying download gem from https://rubygems.org/ due to error (2/4): Bundler::PermissionError There was an error while trying to write to `/var/lib/gems/3.0.0/cache/connection_pool-2.5.5.gem`. It is likely that you need to grant write permissions for that path.
Retrying download gem from https://rubygems.org/ due to error (2/4): Bundler::PermissionError There was an error while trying to write to `/var/lib/gems/3.0.0/cache/logger-1.7.0.gem`. It is likely that you need to grant write permissions for that path.
Retrying download gem from https://rubygems.org/ due to error (2/4): Bundler::PermissionError There was an error while trying to write to `/var/lib/gems/3.0.0/cache/minitest-5.26.1.gem`. It is likely that you need to grant write permissions for that path.
Retrying download gem from https://rubygems.org/ due to error (2/4): Bundler::PermissionError There was an error while trying to write to `/var/lib/gems/3.0.0/cache/mutex_m-0.3.0.gem`. It is likely that you need to grant write permissions for that path.
Retrying download gem from https://rubygems.org/ due to error (2/4): Bundler::PermissionError There was an error while trying to write to `/var/lib/gems/3.0.0/cache/coffee-script-source-1.12.2.gem`. It is likely that you need to grant write permissions for that path.
Retrying download gem from https://rubygems.org/ due to error (2/4): Bundler::PermissionError There was an error while trying to write to `/var/lib/gems/3.0.0/cache/drb-2.2.3.gem`. It is likely that you need to grant write permissions for that path.
Retrying download gem from https://rubygems.org/ due to error (2/4): Bundler::PermissionError There was an error while trying to write to `/var/lib/gems/3.0.0/cache/public_suffix-5.1.1.gem`. It is likely that you need to grant write permissions for that path.
Retrying download gem from https://rubygems.org/ due to error (2/4): Bundler::PermissionError There was an error while trying to write to `/var/lib/gems/3.0.0/cache/securerandom-0.3.2.gem`. It is likely that you need to grant write permissions for that path.
Retrying download gem from https://rubygems.org/ due to error (3/4): Bundler::PermissionError There was an error while trying to write to `/var/lib/gems/3.0.0/cache/base64-0.3.0.gem`. It is likely that you need to grant write permissions for that path.
Retrying download gem from https://rubygems.org/ due to error (3/4): Bundler::PermissionError There was an error while trying to write to `/var/lib/gems/3.0.0/cache/benchmark-0.5.0.gem`. It is likely that you need to grant write permissions for that path.
Retrying download gem from https://rubygems.org/ due to error (3/4): Bundler::PermissionError There was an error while trying to write to `/var/lib/gems/3.0.0/cache/bigdecimal-4.1.2.gem`. It is likely that you need to grant write permissions for that path.
Retrying download gem from https://rubygems.org/ due to error (3/4): Bundler::PermissionError There was an error while trying to write to `/var/lib/gems/3.0.0/cache/concurrent-ruby-1.3.6.gem`. It is likely that you need to grant write permissions for that path.
Retrying download gem from https://rubygems.org/ due to error (3/4): Bundler::PermissionError There was an error while trying to write to `/var/lib/gems/3.0.0/cache/connection_pool-2.5.5.gem`. It is likely that you need to grant write permissions for that path.
Retrying download gem from https://rubygems.org/ due to error (3/4): Bundler::PermissionError There was an error while trying to write to `/var/lib/gems/3.0.0/cache/logger-1.7.0.gem`. It is likely that you need to grant write permissions for that path.
Retrying download gem from https://rubygems.org/ due to error (3/4): Bundler::PermissionError There was an error while trying to write to `/var/lib/gems/3.0.0/cache/minitest-5.26.1.gem`. It is likely that you need to grant write permissions for that path.
Retrying download gem from https://rubygems.org/ due to error (3/4): Bundler::PermissionError There was an error while trying to write to `/var/lib/gems/3.0.0/cache/mutex_m-0.3.0.gem`. It is likely that you need to grant write permissions for that path.
Retrying download gem from https://rubygems.org/ due to error (3/4): Bundler::PermissionError There was an error while trying to write to `/var/lib/gems/3.0.0/cache/coffee-script-source-1.12.2.gem`. It is likely that you need to grant write permissions for that path.
Retrying download gem from https://rubygems.org/ due to error (3/4): Bundler::PermissionError There was an error while trying to write to `/var/lib/gems/3.0.0/cache/drb-2.2.3.gem`. It is likely that you need to grant write permissions for that path.
Retrying download gem from https://rubygems.org/ due to error (3/4): Bundler::PermissionError There was an error while trying to write to `/var/lib/gems/3.0.0/cache/public_suffix-5.1.1.gem`. It is likely that you need to grant write permissions for that path.
Retrying download gem from https://rubygems.org/ due to error (3/4): Bundler::PermissionError There was an error while trying to write to `/var/lib/gems/3.0.0/cache/securerandom-0.3.2.gem`. It is likely that you need to grant write permissions for that path.
Retrying download gem from https://rubygems.org/ due to error (4/4): Bundler::PermissionError There was an error while trying to write to `/var/lib/gems/3.0.0/cache/base64-0.3.0.gem`. It is likely that you need to grant write permissions for that path.
Retrying download gem from https://rubygems.org/ due to error (4/4): Bundler::PermissionError There was an error while trying to write to `/var/lib/gems/3.0.0/cache/benchmark-0.5.0.gem`. It is likely that you need to grant write permissions for that path.
Retrying download gem from https://rubygems.org/ due to error (4/4): Bundler::PermissionError There was an error while trying to write to `/var/lib/gems/3.0.0/cache/bigdecimal-4.1.2.gem`. It is likely that you need to grant write permissions for that path.
Retrying download gem from https://rubygems.org/ due to error (4/4): Bundler::PermissionError There was an error while trying to write to `/var/lib/gems/3.0.0/cache/concurrent-ruby-1.3.6.gem`. It is likely that you need to grant write permissions for that path.
Retrying download gem from https://rubygems.org/ due to error (4/4): Bundler::PermissionError There was an error while trying to write to `/var/lib/gems/3.0.0/cache/connection_pool-2.5.5.gem`. It is likely that you need to grant write permissions for that path.
Retrying download gem from https://rubygems.org/ due to error (4/4): Bundler::PermissionError There was an error while trying to write to `/var/lib/gems/3.0.0/cache/logger-1.7.0.gem`. It is likely that you need to grant write permissions for that path.
Retrying download gem from https://rubygems.org/ due to error (4/4): Bundler::PermissionError There was an error while trying to write to `/var/lib/gems/3.0.0/cache/minitest-5.26.1.gem`. It is likely that you need to grant write permissions for that path.
Retrying download gem from https://rubygems.org/ due to error (4/4): Bundler::PermissionError There was an error while trying to write to `/var/lib/gems/3.0.0/cache/mutex_m-0.3.0.gem`. It is likely that you need to grant write permissions for that path.
Retrying download gem from https://rubygems.org/ due to error (4/4): Bundler::PermissionError There was an error while trying to write to `/var/lib/gems/3.0.0/cache/coffee-script-source-1.12.2.gem`. It is likely that you need to grant write permissions for that path.
Retrying download gem from https://rubygems.org/ due to error (4/4): Bundler::PermissionError There was an error while trying to write to `/var/lib/gems/3.0.0/cache/drb-2.2.3.gem`. It is likely that you need to grant write permissions for that path.
Retrying download gem from https://rubygems.org/ due to error (4/4): Bundler::PermissionError There was an error while trying to write to `/var/lib/gems/3.0.0/cache/public_suffix-5.1.1.gem`. It is likely that you need to grant write permissions for that path.
Retrying download gem from https://rubygems.org/ due to error (4/4): Bundler::PermissionError There was an error while trying to write to `/var/lib/gems/3.0.0/cache/securerandom-0.3.2.gem`. It is likely that you need to grant write permissions for that path.
Retrying download gem from https://rubygems.org/ due to error (2/4): Bundler::PermissionError There was an error while trying to write to `/var/lib/gems/3.0.0/cache/execjs-2.10.1.gem`. It is likely that you need to grant write permissions for that path.
Retrying download gem from https://rubygems.org/ due to error (2/4): Bundler::PermissionError There was an error while trying to write to `/var/lib/gems/3.0.0/cache/colorator-1.1.0.gem`. It is likely that you need to grant write permissions for that path.
Retrying download gem from https://rubygems.org/ due to error (2/4): Bundler::PermissionError There was an error while trying to write to `/var/lib/gems/3.0.0/cache/commonmarker-0.23.12.gem`. It is likely that you need to grant write permissions for that path.
Retrying download gem from https://rubygems.org/ due to error (2/4): Bundler::PermissionError There was an error while trying to write to `/var/lib/gems/3.0.0/cache/csv-3.3.5.gem`. It is likely that you need to grant write permissions for that path.
Retrying download gem from https://rubygems.org/ due to error (2/4): Bundler::PermissionError There was an error while trying to write to `/var/lib/gems/3.0.0/cache/simpleidn-0.2.3.gem`. It is likely that you need to grant write permissions for that path.
Retrying download gem from https://rubygems.org/ due to error (2/4): Bundler::PermissionError There was an error while trying to write to `/var/lib/gems/3.0.0/cache/eventmachine-1.2.7.gem`. It is likely that you need to grant write permissions for that path.
Retrying download gem from https://rubygems.org/ due to error (2/4): Bundler::PermissionError There was an error while trying to write to `/var/lib/gems/3.0.0/cache/http_parser.rb-0.8.1.gem`. It is likely that you need to grant write permissions for that path.
Retrying download gem from https://rubygems.org/ due to error (2/4): Bundler::PermissionError There was an error while trying to write to `/var/lib/gems/3.0.0/cache/ffi-1.17.4.gem`. It is likely that you need to grant write permissions for that path.
Retrying download gem from https://rubygems.org/ due to error (2/4): Bundler::PermissionError There was an error while trying to write to `/var/lib/gems/3.0.0/cache/uri-1.1.1.gem`. It is likely that you need to grant write permissions for that path.
Retrying download gem from https://rubygems.org/ due to error (2/4): Bundler::PermissionError There was an error while trying to write to `/var/lib/gems/3.0.0/cache/json-2.19.5.gem`. It is likely that you need to grant write permissions for that path.
Retrying download gem from https://rubygems.org/ due to error (2/4): Bundler::PermissionError There was an error while trying to write to `/var/lib/gems/3.0.0/cache/forwardable-extended-2.6.0.gem`. It is likely that you need to grant write permissions for that path.
Retrying download gem from https://rubygems.org/ due to error (2/4): Bundler::PermissionError There was an error while trying to write to `/var/lib/gems/3.0.0/cache/gemoji-4.1.0.gem`. It is likely that you need to grant write permissions for that path.
Retrying download gem from https://rubygems.org/ due to error (3/4): Bundler::PermissionError There was an error while trying to write to `/var/lib/gems/3.0.0/cache/execjs-2.10.1.gem`. It is likely that you need to grant write permissions for that path.
Retrying download gem from https://rubygems.org/ due to error (3/4): Bundler::PermissionError There was an error while trying to write to `/var/lib/gems/3.0.0/cache/colorator-1.1.0.gem`. It is likely that you need to grant write permissions for that path.
Retrying download gem from https://rubygems.org/ due to error (3/4): Bundler::PermissionError There was an error while trying to write to `/var/lib/gems/3.0.0/cache/commonmarker-0.23.12.gem`. It is likely that you need to grant write permissions for that path.
Retrying download gem from https://rubygems.org/ due to error (3/4): Bundler::PermissionError There was an error while trying to write to `/var/lib/gems/3.0.0/cache/csv-3.3.5.gem`. It is likely that you need to grant write permissions for that path.
Retrying download gem from https://rubygems.org/ due to error (3/4): Bundler::PermissionError There was an error while trying to write to `/var/lib/gems/3.0.0/cache/simpleidn-0.2.3.gem`. It is likely that you need to grant write permissions for that path.
Retrying download gem from https://rubygems.org/ due to error (3/4): Bundler::PermissionError There was an error while trying to write to `/var/lib/gems/3.0.0/cache/eventmachine-1.2.7.gem`. It is likely that you need to grant write permissions for that path.
Retrying download gem from https://rubygems.org/ due to error (3/4): Bundler::PermissionError There was an error while trying to write to `/var/lib/gems/3.0.0/cache/http_parser.rb-0.8.1.gem`. It is likely that you need to grant write permissions for that path.
Retrying download gem from https://rubygems.org/ due to error (3/4): Bundler::PermissionError There was an error while trying to write to `/var/lib/gems/3.0.0/cache/ffi-1.17.4.gem`. It is likely that you need to grant write permissions for that path.
Retrying download gem from https://rubygems.org/ due to error (3/4): Bundler::PermissionError There was an error while trying to write to `/var/lib/gems/3.0.0/cache/uri-1.1.1.gem`. It is likely that you need to grant write permissions for that path.
Retrying download gem from https://rubygems.org/ due to error (3/4): Bundler::PermissionError There was an error while trying to write to `/var/lib/gems/3.0.0/cache/json-2.19.5.gem`. It is likely that you need to grant write permissions for that path.
Retrying download gem from https://rubygems.org/ due to error (3/4): Bundler::PermissionError There was an error while trying to write to `/var/lib/gems/3.0.0/cache/forwardable-extended-2.6.0.gem`. It is likely that you need to grant write permissions for that path.
Retrying download gem from https://rubygems.org/ due to error (3/4): Bundler::PermissionError There was an error while trying to write to `/var/lib/gems/3.0.0/cache/gemoji-4.1.0.gem`. It is likely that you need to grant write permissions for that path.
Retrying download gem from https://rubygems.org/ due to error (4/4): Bundler::PermissionError There was an error while trying to write to `/var/lib/gems/3.0.0/cache/execjs-2.10.1.gem`. It is likely that you need to grant write permissions for that path.
Retrying download gem from https://rubygems.org/ due to error (4/4): Bundler::PermissionError There was an error while trying to write to `/var/lib/gems/3.0.0/cache/colorator-1.1.0.gem`. It is likely that you need to grant write permissions for that path.
Retrying download gem from https://rubygems.org/ due to error (4/4): Bundler::PermissionError There was an error while trying to write to `/var/lib/gems/3.0.0/cache/commonmarker-0.23.12.gem`. It is likely that you need to grant write permissions for that path.
Retrying download gem from https://rubygems.org/ due to error (4/4): Bundler::PermissionError There was an error while trying to write to `/var/lib/gems/3.0.0/cache/csv-3.3.5.gem`. It is likely that you need to grant write permissions for that path.
Retrying download gem from https://rubygems.org/ due to error (4/4): Bundler::PermissionError There was an error while trying to write to `/var/lib/gems/3.0.0/cache/simpleidn-0.2.3.gem`. It is likely that you need to grant write permissions for that path.
Retrying download gem from https://rubygems.org/ due to error (4/4): Bundler::PermissionError There was an error while trying to write to `/var/lib/gems/3.0.0/cache/eventmachine-1.2.7.gem`. It is likely that you need to grant write permissions for that path.
Retrying download gem from https://rubygems.org/ due to error (4/4): Bundler::PermissionError There was an error while trying to write to `/var/lib/gems/3.0.0/cache/http_parser.rb-0.8.1.gem`. It is likely that you need to grant write permissions for that path.
Retrying download gem from https://rubygems.org/ due to error (4/4): Bundler::PermissionError There was an error while trying to write to `/var/lib/gems/3.0.0/cache/ffi-1.17.4.gem`. It is likely that you need to grant write permissions for that path.
Retrying download gem from https://rubygems.org/ due to error (4/4): Bundler::PermissionError There was an error while trying to write to `/var/lib/gems/3.0.0/cache/uri-1.1.1.gem`. It is likely that you need to grant write permissions for that path.
Retrying download gem from https://rubygems.org/ due to error (4/4): Bundler::PermissionError There was an error while trying to write to `/var/lib/gems/3.0.0/cache/json-2.19.5.gem`. It is likely that you need to grant write permissions for that path.
Retrying download gem from https://rubygems.org/ due to error (4/4): Bundler::PermissionError There was an error while trying to write to `/var/lib/gems/3.0.0/cache/forwardable-extended-2.6.0.gem`. It is likely that you need to grant write permissions for that path.
Retrying download gem from https://rubygems.org/ due to error (4/4): Bundler::PermissionError There was an error while trying to write to `/var/lib/gems/3.0.0/cache/gemoji-4.1.0.gem`. It is likely that you need to grant write permissions for that path.
Retrying download gem from https://rubygems.org/ due to error (2/4): Bundler::PermissionError There was an error while trying to write to `/var/lib/gems/3.0.0/cache/rb-fsevent-0.11.2.gem`. It is likely that you need to grant write permissions for that path.
Retrying download gem from https://rubygems.org/ due to error (2/4): Bundler::PermissionError There was an error while trying to write to `/var/lib/gems/3.0.0/cache/rexml-3.4.4.gem`. It is likely that you need to grant write permissions for that path.
Retrying download gem from https://rubygems.org/ due to error (2/4): Bundler::PermissionError There was an error while trying to write to `/var/lib/gems/3.0.0/cache/liquid-4.0.4.gem`. It is likely that you need to grant write permissions for that path.
Retrying download gem from https://rubygems.org/ due to error (2/4): Bundler::PermissionError There was an error while trying to write to `/var/lib/gems/3.0.0/cache/mercenary-0.3.6.gem`. It is likely that you need to grant write permissions for that path.
Retrying download gem from https://rubygems.org/ due to error (2/4): Bundler::PermissionError There was an error while trying to write to `/var/lib/gems/3.0.0/cache/rouge-3.30.0.gem`. It is likely that you need to grant write permissions for that path.
Retrying download gem from https://rubygems.org/ due to error (2/4): Bundler::PermissionError There was an error while trying to write to `/var/lib/gems/3.0.0/cache/safe_yaml-1.0.5.gem`. It is likely that you need to grant write permissions for that path.
Retrying download gem from https://rubygems.org/ due to error (2/4): Bundler::PermissionError There was an error while trying to write to `/var/lib/gems/3.0.0/cache/webrick-1.9.2.gem`. It is likely that you need to grant write permissions for that path.
Retrying download gem from https://rubygems.org/ due to error (2/4): Bundler::PermissionError There was an error while trying to write to `/var/lib/gems/3.0.0/cache/racc-1.8.1.gem`. It is likely that you need to grant write permissions for that path.
Retrying download gem from https://rubygems.org/ due to error (2/4): Bundler::PermissionError There was an error while trying to write to `/var/lib/gems/3.0.0/cache/jekyll-paginate-1.1.0.gem`. It is likely that you need to grant write permissions for that path.
Retrying download gem from https://rubygems.org/ due to error (2/4): Bundler::PermissionError There was an error while trying to write to `/var/lib/gems/3.0.0/cache/rubyzip-2.4.1.gem`. It is likely that you need to grant write permissions for that path.
Retrying download gem from https://rubygems.org/ due to error (2/4): Bundler::PermissionError There was an error while trying to write to `/var/lib/gems/3.0.0/cache/jekyll-swiss-1.0.0.gem`. It is likely that you need to grant write permissions for that path.
Retrying download gem from https://rubygems.org/ due to error (2/4): Bundler::PermissionError There was an error while trying to write to `/var/lib/gems/3.0.0/cache/unicode-display_width-1.8.0.gem`. It is likely that you need to grant write permissions for that path.
Retrying download gem from https://rubygems.org/ due to error (3/4): Bundler::PermissionError There was an error while trying to write to `/var/lib/gems/3.0.0/cache/rb-fsevent-0.11.2.gem`. It is likely that you need to grant write permissions for that path.
Retrying download gem from https://rubygems.org/ due to error (3/4): Bundler::PermissionError There was an error while trying to write to `/var/lib/gems/3.0.0/cache/rexml-3.4.4.gem`. It is likely that you need to grant write permissions for that path.
Retrying download gem from https://rubygems.org/ due to error (3/4): Bundler::PermissionError There was an error while trying to write to `/var/lib/gems/3.0.0/cache/liquid-4.0.4.gem`. It is likely that you need to grant write permissions for that path.
Retrying download gem from https://rubygems.org/ due to error (3/4): Bundler::PermissionError There was an error while trying to write to `/var/lib/gems/3.0.0/cache/mercenary-0.3.6.gem`. It is likely that you need to grant write permissions for that path.
Retrying download gem from https://rubygems.org/ due to error (3/4): Bundler::PermissionError There was an error while trying to write to `/var/lib/gems/3.0.0/cache/rouge-3.30.0.gem`. It is likely that you need to grant write permissions for that path.
Retrying download gem from https://rubygems.org/ due to error (3/4): Bundler::PermissionError There was an error while trying to write to `/var/lib/gems/3.0.0/cache/safe_yaml-1.0.5.gem`. It is likely that you need to grant write permissions for that path.
Retrying download gem from https://rubygems.org/ due to error (3/4): Bundler::PermissionError There was an error while trying to write to `/var/lib/gems/3.0.0/cache/webrick-1.9.2.gem`. It is likely that you need to grant write permissions for that path.
Retrying download gem from https://rubygems.org/ due to error (3/4): Bundler::PermissionError There was an error while trying to write to `/var/lib/gems/3.0.0/cache/racc-1.8.1.gem`. It is likely that you need to grant write permissions for that path.
Retrying download gem from https://rubygems.org/ due to error (3/4): Bundler::PermissionError There was an error while trying to write to `/var/lib/gems/3.0.0/cache/jekyll-paginate-1.1.0.gem`. It is likely that you need to grant write permissions for that path.
Retrying download gem from https://rubygems.org/ due to error (3/4): Bundler::PermissionError There was an error while trying to write to `/var/lib/gems/3.0.0/cache/rubyzip-2.4.1.gem`. It is likely that you need to grant write permissions for that path.
Retrying download gem from https://rubygems.org/ due to error (3/4): Bundler::PermissionError There was an error while trying to write to `/var/lib/gems/3.0.0/cache/jekyll-swiss-1.0.0.gem`. It is likely that you need to grant write permissions for that path.
Retrying download gem from https://rubygems.org/ due to error (3/4): Bundler::PermissionError There was an error while trying to write to `/var/lib/gems/3.0.0/cache/unicode-display_width-1.8.0.gem`. It is likely that you need to grant write permissions for that path.
Retrying download gem from https://rubygems.org/ due to error (4/4): Bundler::PermissionError There was an error while trying to write to `/var/lib/gems/3.0.0/cache/rb-fsevent-0.11.2.gem`. It is likely that you need to grant write permissions for that path.
Retrying download gem from https://rubygems.org/ due to error (4/4): Bundler::PermissionError There was an error while trying to write to `/var/lib/gems/3.0.0/cache/rexml-3.4.4.gem`. It is likely that you need to grant write permissions for that path.
Retrying download gem from https://rubygems.org/ due to error (4/4): Bundler::PermissionError There was an error while trying to write to `/var/lib/gems/3.0.0/cache/liquid-4.0.4.gem`. It is likely that you need to grant write permissions for that path.
Retrying download gem from https://rubygems.org/ due to error (4/4): Bundler::PermissionError There was an error while trying to write to `/var/lib/gems/3.0.0/cache/mercenary-0.3.6.gem`. It is likely that you need to grant write permissions for that path.
Retrying download gem from https://rubygems.org/ due to error (4/4): Bundler::PermissionError There was an error while trying to write to `/var/lib/gems/3.0.0/cache/rouge-3.30.0.gem`. It is likely that you need to grant write permissions for that path.
Retrying download gem from https://rubygems.org/ due to error (4/4): Bundler::PermissionError There was an error while trying to write to `/var/lib/gems/3.0.0/cache/safe_yaml-1.0.5.gem`. It is likely that you need to grant write permissions for that path.
Retrying download gem from https://rubygems.org/ due to error (4/4): Bundler::PermissionError There was an error while trying to write to `/var/lib/gems/3.0.0/cache/webrick-1.9.2.gem`. It is likely that you need to grant write permissions for that path.
Retrying download gem from https://rubygems.org/ due to error (4/4): Bundler::PermissionError There was an error while trying to write to `/var/lib/gems/3.0.0/cache/racc-1.8.1.gem`. It is likely that you need to grant write permissions for that path.
Retrying download gem from https://rubygems.org/ due to error (4/4): Bundler::PermissionError There was an error while trying to write to `/var/lib/gems/3.0.0/cache/jekyll-paginate-1.1.0.gem`. It is likely that you need to grant write permissions for that path.
Retrying download gem from https://rubygems.org/ due to error (4/4): Bundler::PermissionError There was an error while trying to write to `/var/lib/gems/3.0.0/cache/rubyzip-2.4.1.gem`. It is likely that you need to grant write permissions for that path.
Retrying download gem from https://rubygems.org/ due to error (4/4): Bundler::PermissionError There was an error while trying to write to `/var/lib/gems/3.0.0/cache/jekyll-swiss-1.0.0.gem`. It is likely that you need to grant write permissions for that path.
Retrying download gem from https://rubygems.org/ due to error (4/4): Bundler::PermissionError There was an error while trying to write to `/var/lib/gems/3.0.0/cache/unicode-display_width-1.8.0.gem`. It is likely that you need to grant write permissions for that path.
Bundler::PermissionError: There was an error while trying to write to `/var/lib/gems/3.0.0/cache/base64-0.3.0.gem`. It is likely that you need to grant write permissions for that path.
[0m  /var/lib/gems/3.0.0/gems/bundler-2.5.23/lib/bundler/shared_helpers.rb:109:in `rescue in filesystem_access'
  /var/lib/gems/3.0.0/gems/bundler-2.5.23/lib/bundler/shared_helpers.rb:104:in `filesystem_access'
  /var/lib/gems/3.0.0/gems/bundler-2.5.23/lib/bundler/rubygems_integration.rb:396:in `block in download_gem'
  /var/lib/gems/3.0.0/gems/bundler-2.5.23/lib/bundler/retry.rb:40:in `run'
  /var/lib/gems/3.0.0/gems/bundler-2.5.23/lib/bundler/retry.rb:30:in `attempt'
  /var/lib/gems/3.0.0/gems/bundler-2.5.23/lib/bundler/rubygems_integration.rb:388:in `download_gem'
  /var/lib/gems/3.0.0/gems/bundler-2.5.23/lib/bundler/source/rubygems.rb:479:in `download_gem'
  /var/lib/gems/3.0.0/gems/bundler-2.5.23/lib/bundler/source/rubygems.rb:436:in `fetch_gem'
  /var/lib/gems/3.0.0/gems/bundler-2.5.23/lib/bundler/source/rubygems.rb:420:in `fetch_gem_if_possible'
  /var/lib/gems/3.0.0/gems/bundler-2.5.23/lib/bundler/source/rubygems.rb:162:in `install'
  /var/lib/gems/3.0.0/gems/bundler-2.5.23/lib/bundler/installer/gem_installer.rb:55:in `install'
  /var/lib/gems/3.0.0/gems/bundler-2.5.23/lib/bundler/installer/gem_installer.rb:17:in `install_from_spec'
  /var/lib/gems/3.0.0/gems/bundler-2.5.23/lib/bundler/installer/parallel_installer.rb:133:in `do_install'
  /var/lib/gems/3.0.0/gems/bundler-2.5.23/lib/bundler/installer/parallel_installer.rb:124:in `block in worker_pool'
  /var/lib/gems/3.0.0/gems/bundler-2.5.23/lib/bundler/worker.rb:62:in `apply_func'
  /var/lib/gems/3.0.0/gems/bundler-2.5.23/lib/bundler/worker.rb:57:in `block in process_queue'
  /var/lib/gems/3.0.0/gems/bundler-2.5.23/lib/bundler/worker.rb:54:in `loop'
  /var/lib/gems/3.0.0/gems/bundler-2.5.23/lib/bundler/worker.rb:54:in `process_queue'
  /var/lib/gems/3.0.0/gems/bundler-2.5.23/lib/bundler/worker.rb:90:in `block (2 levels) in create_threads'

[0m[31mAn error occurred while installing base64 (0.3.0), and Bundler cannot continue.[0m

In Gemfile:
  github-pages was resolved to 232, which depends on
    jekyll-mentions was resolved to 1.6.0, which depends on
      html-pipeline was resolved to 2.14.3, which depends on
        activesupport was resolved to 7.1.6, which depends on
          base64
